\BOOKMARK [1][-]{section.1}{\376\377\000I\000N\000T\000R\000O\000D\000U\000\307\000\303\000O\000:\000\040\000C\000O\000N\000T\000E\000X\000T\000U\000A\000L\000I\000Z\000A\000\307\000\303\000O\000\040\000D\000O\000\040\000S\000E\000T\000O\000R\000\040\000N\000A\000\040\000I\000N\000D\000\332\000S\000T\000R\000I\000A\000\040\000D\000E\000\040\000T\000R\000A\000N\000S\000F\000O\000R\000M\000A\000\307\000\303\000O\000\040\000B\000R\000A\000S\000I\000L\000E\000I\000R\000A}{}% 1
\BOOKMARK [2][-]{subsection.1.1}{\376\377\000P\000o\000s\000i\000c\000i\000o\000n\000a\000m\000e\000n\000t\000o\000\040\000d\000o\000\040\000B\000r\000a\000s\000i\000l\000\040\000n\000o\000\040\000C\000e\000n\000\341\000r\000i\000o\000\040\000G\000l\000o\000b\000a\000l}{section.1}% 2
\BOOKMARK [1][-]{section.2}{\376\377\000E\000S\000T\000R\000U\000T\000U\000R\000A\000\040\000D\000A\000\040\000C\000A\000D\000E\000I\000A\000\040\000P\000R\000O\000D\000U\000T\000I\000V\000A}{}% 3
\BOOKMARK [1][-]{section.3}{\376\377\000C\000O\000M\000P\000O\000S\000I\000\307\000\303\000O\000\040\000T\000\311\000C\000N\000I\000C\000A\000\040\000D\000A\000S\000\040\000T\000I\000N\000T\000A\000S}{}% 4
\BOOKMARK [2][-]{subsection.3.1}{\376\377\000L\000i\000g\000a\000n\000t\000e\000s\000\040\000\050\000R\000e\000s\000i\000n\000a\000s\000\051\000\040\040\024\000\040\000O\000\040\000F\000o\000r\000m\000a\000d\000o\000r\000\040\000d\000o\000\040\000F\000i\000l\000m\000e}{section.3}% 5
\BOOKMARK [2][-]{subsection.3.2}{\376\377\000P\000i\000g\000m\000e\000n\000t\000o\000s\000\040\040\024\000\040\000C\000o\000r\000,\000\040\000O\000p\000a\000c\000i\000d\000a\000d\000e\000\040\000e\000\040\000F\000u\000n\000\347\000\343\000o}{section.3}% 6
\BOOKMARK [3][-]{subsubsection.3.2.1}{\376\377\000P\000i\000g\000m\000e\000n\000t\000o\000s\000\040\000I\000n\000o\000r\000g\000\342\000n\000i\000c\000o\000s}{subsection.3.2}% 7
\BOOKMARK [3][-]{subsubsection.3.2.2}{\376\377\000P\000i\000g\000m\000e\000n\000t\000o\000s\000\040\000O\000r\000g\000\342\000n\000i\000c\000o\000s}{subsection.3.2}% 8
\BOOKMARK [3][-]{subsubsection.3.2.3}{\376\377\000P\000i\000g\000m\000e\000n\000t\000o\000s\000\040\000F\000u\000n\000c\000i\000o\000n\000a\000i\000s\000\040\000\050\000E\000s\000p\000e\000c\000i\000a\000i\000s\000\051}{subsection.3.2}% 9
\BOOKMARK [2][-]{subsection.3.3}{\376\377\000S\000o\000l\000v\000e\000n\000t\000e\000s\000\040\000e\000\040\000V\000e\000\355\000c\000u\000l\000o\000s\000\040\040\024\000\040\000O\000\040\000M\000e\000i\000o\000\040\000d\000e\000\040\000A\000p\000l\000i\000c\000a\000\347\000\343\000o}{section.3}% 10
\BOOKMARK [2][-]{subsection.3.4}{\376\377\000C\000a\000r\000g\000a\000s\000\040\000M\000i\000n\000e\000r\000a\000i\000s\000\040\000\050\000E\000x\000t\000e\000n\000d\000e\000r\000s\000\051\000\040\040\024\000\040\000V\000o\000l\000u\000m\000e\000\040\000e\000\040\000R\000e\000o\000l\000o\000g\000i\000a}{section.3}% 11
\BOOKMARK [2][-]{subsection.3.5}{\376\377\000A\000d\000i\000t\000i\000v\000o\000s\000\040\040\024\000\040\000E\000n\000g\000e\000n\000h\000a\000r\000i\000a\000\040\000d\000e\000\040\000P\000e\000r\000f\000o\000r\000m\000a\000n\000c\000e}{section.3}% 12
\BOOKMARK [1][-]{section.4}{\376\377\000N\000I\000C\000H\000O\000S\000\040\000P\000R\000O\000D\000U\000T\000I\000V\000O\000S\000\040\000I\000N\000D\000U\000S\000T\000R\000I\000A\000I\000S}{}% 13
\BOOKMARK [2][-]{subsection.4.1}{\376\377\000T\000i\000n\000t\000a\000s\000\040\000i\000m\000o\000b\000i\000l\000i\000\341\000r\000i\000a\000s\000\040\000\050\000a\000r\000q\000u\000i\000t\000e\000t\000u\000r\000a\000l\000\051}{section.4}% 14
\BOOKMARK [3][-]{subsubsection.4.1.1}{\376\377\000T\000i\000n\000t\000a\000s\000\040\000L\000\341\000t\000e\000x\000\040\000/\000\040\000B\000a\000s\000e\000\040\000\301\000g\000u\000a}{subsection.4.1}% 15
\BOOKMARK [3][-]{subsubsection.4.1.2}{\376\377\000E\000s\000m\000a\000l\000t\000e\000s\000\040\000S\000i\000n\000t\000\351\000t\000i\000c\000o\000s\000\040\000\050\000B\000a\000s\000e\000\040\000S\000o\000l\000v\000e\000n\000t\000e\000\051}{subsection.4.1}% 16
\BOOKMARK [3][-]{subsubsection.4.1.3}{\376\377\000T\000e\000x\000t\000u\000r\000a\000s\000\040\000e\000\040\000R\000e\000v\000e\000s\000t\000i\000m\000e\000n\000t\000o\000s\000\040\000D\000e\000c\000o\000r\000a\000t\000i\000v\000o\000s}{subsection.4.1}% 17
\BOOKMARK [2][-]{subsection.4.2}{\376\377\000T\000i\000n\000t\000a\000s\000\040\000i\000n\000d\000u\000s\000t\000r\000i\000a\000i\000s\000\040\000g\000e\000r\000a\000i\000s}{section.4}% 18
\BOOKMARK [3][-]{subsubsection.4.2.1}{\376\377\000A\000n\000t\000i\000c\000o\000r\000r\000o\000s\000i\000v\000a\000s\000\040\000e\000\040\000P\000r\000i\000m\000e\000r\000s}{subsection.4.2}% 19
\BOOKMARK [3][-]{subsubsection.4.2.2}{\376\377\000T\000i\000n\000t\000a\000s\000\040\000d\000e\000\040\000P\000i\000s\000o\000\040\000e\000\040\000P\000i\000s\000o\000s\000\040\000I\000n\000d\000u\000s\000t\000r\000i\000a\000i\000s}{subsection.4.2}% 20
\BOOKMARK [3][-]{subsubsection.4.2.3}{\376\377\000T\000i\000n\000t\000a\000s\000\040\000I\000n\000t\000u\000m\000e\000s\000c\000e\000n\000t\000e\000s\000\040\000\050\000P\000r\000o\000t\000e\000\347\000\343\000o\000\040\000P\000a\000s\000s\000i\000v\000a\000\040\000a\000o\000\040\000F\000o\000g\000o\000\051}{subsection.4.2}% 21
\BOOKMARK [2][-]{subsection.4.3}{\376\377\000T\000i\000n\000t\000a\000s\000\040\000a\000u\000t\000o\000m\000o\000t\000i\000v\000a\000s}{section.4}% 22
\BOOKMARK [3][-]{subsubsection.4.3.1}{\376\377\000C\000a\000t\000a\000f\000o\000r\000e\000s\000e\000\040\000\050\000E\000-\000c\000o\000a\000t\000\051}{subsection.4.3}% 23
\BOOKMARK [3][-]{subsubsection.4.3.2}{\376\377\000T\000i\000n\000t\000a\000s\000\040\000B\000a\000s\000e\000\040\000C\000o\000a\000t\000\040\000A\000u\000t\000o\000m\000o\000t\000i\000v\000a\000s}{subsection.4.3}% 24
\BOOKMARK [3][-]{subsubsection.4.3.3}{\376\377\000V\000e\000r\000n\000i\000z\000\040\000C\000l\000e\000a\000r\000\040\000C\000o\000a\000t}{subsection.4.3}% 25
\BOOKMARK [3][-]{subsubsection.4.3.4}{\376\377\000T\000i\000n\000t\000a\000s\000\040\000d\000e\000\040\000R\000e\000p\000i\000n\000t\000u\000r\000a\000\040\000A\000u\000t\000o\000m\000o\000t\000i\000v\000a\000\040\000\050\000R\000e\000f\000i\000n\000i\000s\000h\000\051}{subsection.4.3}% 26
\BOOKMARK [2][-]{subsection.4.4}{\376\377\000T\000i\000n\000t\000a\000s\000\040\000n\000a\000v\000a\000l\000\040\000e\000\040\000m\000a\000r\000i\000n\000h\000a}{section.4}% 27
\BOOKMARK [2][-]{subsection.4.5}{\376\377\0004\000.\0005\000\040\000T\000i\000n\000t\000a\000s\000\040\000e\000m\000\040\000p\000\363\000\040\000\050\000p\000o\000w\000d\000e\000r\000\040\000c\000o\000a\000t\000i\000n\000g\000s\000\051}{section.4}% 28
\BOOKMARK [2][-]{subsection.4.6}{\376\377\000T\000i\000n\000t\000a\000s\000\040\000U\000V\000/\000E\000B\000\040\000\050\000c\000u\000r\000a\000\040\000p\000o\000r\000\040\000r\000a\000d\000i\000a\000\347\000\343\000o\000\051}{section.4}% 29
\BOOKMARK [2][-]{subsection.4.7}{\376\377\000T\000i\000n\000t\000a\000s\000\040\000e\000s\000p\000e\000c\000i\000a\000i\000s\000\040\000e\000\040\000f\000u\000n\000c\000i\000o\000n\000a\000i\000s}{section.4}% 30
\BOOKMARK [3][-]{subsubsection.4.7.1}{\376\377\000T\000i\000n\000t\000a\000s\000\040\000d\000e\000\040\000A\000l\000t\000a\000\040\000T\000e\000m\000p\000e\000r\000a\000t\000u\000r\000a}{subsection.4.7}% 31
\BOOKMARK [3][-]{subsubsection.4.7.2}{\376\377\000T\000i\000n\000t\000a\000s\000\040\000p\000a\000r\000a\000\040\000E\000m\000b\000a\000l\000a\000g\000e\000n\000s\000\040\000M\000e\000t\000\341\000l\000i\000c\000a\000s\000\040\000\050\000C\000a\000n\000\040\000C\000o\000a\000t\000i\000n\000g\000s\000\051}{subsection.4.7}% 32
\BOOKMARK [3][-]{subsubsection.4.7.3}{\376\377\000T\000i\000n\000t\000a\000s\000\040\000E\000l\000e\000t\000r\000o\000e\000s\000t\000\341\000t\000i\000c\000a\000s\000\040\000p\000a\000r\000a\000\040\000B\000o\000b\000i\000n\000a\000s\000\040\000\050\000C\000o\000i\000l\000\040\000C\000o\000a\000t\000i\000n\000g\000s\000\051}{subsection.4.7}% 33
\BOOKMARK [3][-]{subsubsection.4.7.4}{\376\377\000T\000i\000n\000t\000a\000s\000\040\000I\000m\000u\000n\000o\000m\000a\000r\000c\000a\000n\000t\000e\000s\000\040\000e\000\040\000d\000e\000\040\000S\000e\000g\000u\000r\000a\000n\000\347\000a}{subsection.4.7}% 34
\BOOKMARK [3][-]{subsubsection.4.7.5}{\376\377\000T\000i\000n\000t\000a\000s\000\040\000A\000n\000t\000i\000c\000o\000r\000r\000o\000s\000i\000v\000a\000s\000\040\000p\000a\000r\000a\000\040\000P\000e\000t\000r\000\363\000l\000e\000o\000\040\000\046\000\040\000G\000\341\000s}{subsection.4.7}% 35
\BOOKMARK [1][-]{section.5}{\376\377\000P\000R\000O\000C\000E\000S\000S\000O\000S\000\040\000I\000N\000D\000U\000S\000T\000R\000I\000A\000I\000S\000\040\000D\000E\000\040\000F\000A\000B\000R\000I\000C\000A\000\307\000\303\000O}{}% 36
\BOOKMARK [2][-]{subsection.5.1}{\376\377\000F\000l\000u\000x\000o\000g\000r\000a\000m\000a\000\040\000G\000e\000r\000a\000l\000\040\000d\000a\000\040\000P\000r\000o\000d\000u\000\347\000\343\000o\000\040\000d\000e\000\040\000T\000i\000n\000t\000a\000s}{section.5}% 37
\BOOKMARK [2][-]{subsection.5.2}{\376\377\000E\000q\000u\000i\000p\000a\000m\000e\000n\000t\000o\000s\000\040\000C\000r\000\355\000t\000i\000c\000o\000s}{section.5}% 38
\BOOKMARK [2][-]{subsection.5.3}{\376\377\000P\000r\000o\000c\000e\000s\000s\000o\000\040\000d\000e\000\040\000F\000a\000b\000r\000i\000c\000a\000\347\000\343\000o\000\040\000d\000o\000\040\000P\000r\000i\000n\000c\000i\000p\000a\000l\000\040\000P\000i\000g\000m\000e\000n\000t\000o\000:\000\040\000T\000i\000O\040\202}{section.5}% 39
\BOOKMARK [1][-]{section.6}{\376\377\000M\000A\000P\000A\000\040\000D\000E\000\040\000N\000I\000C\000H\000O\000S\000\040\000\327\000\040\000M\000A\000T\000\311\000R\000I\000A\000S\000-\000P\000R\000I\000M\000A\000S\000\040\000\327\000\040\000P\000R\000O\000C\000E\000S\000S\000O\000S}{}% 40
\BOOKMARK [1][-]{section.7}{\376\377\000P\000A\000N\000O\000R\000A\000M\000A\000\040\000D\000A\000\040\000I\000N\000D\000\332\000S\000T\000R\000I\000A\000\040\000D\000E\000\040\000T\000R\000A\000N\000S\000F\000O\000R\000M\000A\000\307\000\303\000O\000\040\000N\000O\000\040\000B\000R\000A\000S\000I\000L}{}% 41
\BOOKMARK [2][-]{subsection.7.1}{\376\377\000E\000s\000t\000r\000u\000t\000u\000r\000a\000\040\000d\000e\000\040\000M\000e\000r\000c\000a\000d\000o}{section.7}% 42
\BOOKMARK [2][-]{subsection.7.2}{\376\377\000D\000i\000s\000t\000r\000i\000b\000u\000i\000\347\000\343\000o\000\040\000G\000e\000o\000g\000r\000\341\000f\000i\000c\000a\000\040\000d\000a\000\040\000P\000r\000o\000d\000u\000\347\000\343\000o}{section.7}% 43
\BOOKMARK [2][-]{subsection.7.3}{\376\377\000S\000e\000g\000m\000e\000n\000t\000a\000\347\000\343\000o\000\040\000p\000o\000r\000\040\000V\000o\000l\000u\000m\000e\000\040\000\050\000E\000s\000t\000i\000m\000a\000t\000i\000v\000a\000\040\000A\000B\000R\000A\000F\000A\000T\000I\000\051}{section.7}% 44
\BOOKMARK [2][-]{subsection.7.4}{\376\377\000P\000r\000i\000n\000c\000i\000p\000a\000i\000s\000\040\000E\000l\000o\000s\000\040\000d\000e\000\040\000F\000o\000r\000n\000e\000c\000i\000m\000e\000n\000t\000o\000\040\000d\000e\000\040\000M\000a\000t\000\351\000r\000i\000a\000s\000-\000P\000r\000i\000m\000a\000s\000\040\000n\000o\000\040\000B\000r\000a\000s\000i\000l}{section.7}% 45
\BOOKMARK [1][-]{section.8}{\376\377\000T\000E\000N\000D\000\312\000N\000C\000I\000A\000S\000\040\000E\000S\000T\000R\000A\000T\000\311\000G\000I\000C\000A\000S\000\040\000D\000O\000\040\000S\000E\000T\000O\000R}{}% 46
\BOOKMARK [2][-]{subsection.8.1}{\376\377\000T\000r\000a\000n\000s\000i\000\347\000\343\000o\000\040\000p\000a\000r\000a\000\040\000S\000i\000s\000t\000e\000m\000a\000s\000\040\000B\000a\000s\000e\000\040\000\301\000g\000u\000a}{section.8}% 47
\BOOKMARK [2][-]{subsection.8.2}{\376\377\000T\000i\000n\000t\000a\000s\000\040\000d\000e\000\040\000A\000l\000t\000o\000\040\000T\000e\000o\000r\000\040\000d\000e\000\040\000S\000\363\000l\000i\000d\000o\000s\000\040\000\050\000H\000i\000g\000h\000\040\000S\000o\000l\000i\000d\000s\000\051}{section.8}% 48
\BOOKMARK [2][-]{subsection.8.3}{\376\377\000N\000a\000n\000o\000t\000e\000c\000n\000o\000l\000o\000g\000i\000a\000\040\000A\000p\000l\000i\000c\000a\000d\000a}{section.8}% 49
\BOOKMARK [2][-]{subsection.8.4}{\376\377\000M\000a\000t\000\351\000r\000i\000a\000s\000-\000P\000r\000i\000m\000a\000s\000\040\000d\000e\000\040\000B\000a\000s\000e\000\040\000R\000e\000n\000o\000v\000\341\000v\000e\000l}{section.8}% 50
\BOOKMARK [2][-]{subsection.8.5}{\376\377\000E\000c\000o\000n\000o\000m\000i\000a\000\040\000C\000i\000r\000c\000u\000l\000a\000r}{section.8}% 51
\BOOKMARK [2][-]{subsection.8.6}{\376\377\000D\000i\000g\000i\000t\000a\000l\000i\000z\000a\000\347\000\343\000o\000\040\000d\000a\000\040\000P\000r\000o\000d\000u\000\347\000\343\000o}{section.8}% 52
\BOOKMARK [1][-]{section.9}{\376\377\000C\000N\000A\000E\000\040\000E\000\040\000C\000L\000A\000S\000S\000I\000F\000I\000C\000A\000\307\000\303\000O\000\040\000I\000N\000D\000U\000S\000T\000R\000I\000A\000L}{}% 53
\BOOKMARK [1][-]{section.10}{\376\377\000C\000O\000N\000S\000I\000D\000E\000R\000A\000\307\000\325\000E\000S\000\040\000F\000I\000N\000A\000I\000S\000:\000\040\000S\000\315\000N\000T\000E\000S\000E\000\040\000E\000\040\000O\000P\000O\000R\000T\000U\000N\000I\000D\000A\000D\000E\000S\000\040\000D\000E\000\040\000N\000I\000C\000H\000O}{}% 54
\BOOKMARK [2][-]{subsection.10.1}{\376\377\000N\000i\000c\000h\000o\000s\000\040\000d\000e\000\040\000A\000l\000t\000a\000\040\000O\000p\000o\000r\000t\000u\000n\000i\000d\000a\000d\000e\000\040\000n\000o\000\040\000B\000r\000a\000s\000i\000l}{section.10}% 55
\BOOKMARK [1][-]{section.11}{\376\377\000R\000E\000F\000E\000R\000\312\000N\000C\000I\000A\000S}{}% 56
